------------------------------------------------------------
Timing Analyzer Summary
------------------------------------------------------------

Type  : Slow 1100mV 85C Model Setup 'clk'
Slack : -1.008
TNS   : -23.604

Type  : Slow 1100mV 85C Model Hold 'clk'
Slack : 0.363
TNS   : 0.000

Type  : Slow 1100mV 85C Model Minimum Pulse Width 'clk'
Slack : -0.394
TNS   : -15.458

Type  : Slow 1100mV 0C Model Setup 'clk'
Slack : -0.865
TNS   : -20.213

Type  : Slow 1100mV 0C Model Hold 'clk'
Slack : 0.380
TNS   : 0.000

Type  : Slow 1100mV 0C Model Minimum Pulse Width 'clk'
Slack : -0.394
TNS   : -16.331

Type  : Fast 1100mV 85C Model Setup 'clk'
Slack : -0.129
TNS   : -1.454

Type  : Fast 1100mV 85C Model Hold 'clk'
Slack : 0.178
TNS   : 0.000

Type  : Fast 1100mV 85C Model Minimum Pulse Width 'clk'
Slack : -0.085
TNS   : -2.368

Type  : Fast 1100mV 0C Model Setup 'clk'
Slack : -0.016
TNS   : -0.048

Type  : Fast 1100mV 0C Model Hold 'clk'
Slack : 0.168
TNS   : 0.000

Type  : Fast 1100mV 0C Model Minimum Pulse Width 'clk'
Slack : -0.082
TNS   : -2.321

------------------------------------------------------------
